Watching for file changes with StatReloader
/home/asifnp/Documents/phase-2/recruit-system/server/server/settings.py changed, reloading.
Watching for file changes with StatReloader
"OPTIONS /recruit-system/admin/exams/3 HTTP/1.1" 200 0
"OPTIONS /recruit-system/admin/questionnaire HTTP/1.1" 200 0
"GET /recruit-system/admin/questionnaire HTTP/1.1" 200 383
"GET /recruit-system/admin/exams/3 HTTP/1.1" 200 452
"OPTIONS /recruit-system/admin/exam/3/count-students HTTP/1.1" 200 0
"GET /recruit-system/admin/exams/3 HTTP/1.1" 200 452
"GET /recruit-system/admin/exam/3/count-students HTTP/1.1" 200 117
"OPTIONS /recruit-system/admin/auth/login HTTP/1.1" 200 0
"POST /recruit-system/admin/auth/login HTTP/1.1" 200 653
"OPTIONS /recruit-system/admin/dashboard HTTP/1.1" 200 0
"GET /recruit-system/admin/dashboard HTTP/1.1" 200 122
"OPTIONS /recruit-system/admin/question-categories?search= HTTP/1.1" 200 0
"GET /recruit-system/admin/question-categories?search= HTTP/1.1" 200 574
"OPTIONS /recruit-system/admin/question-categories?search=t HTTP/1.1" 200 0
"GET /recruit-system/admin/question-categories?search=t HTTP/1.1" 200 288
"OPTIONS /recruit-system/admin/students?page=1 HTTP/1.1" 200 0
"OPTIONS /recruit-system/admin/dropdown-list/institution HTTP/1.1" 200 0
"GET /recruit-system/admin/dropdown-list/institution HTTP/1.1" 200 340
"GET /recruit-system/admin/students?page=1 HTTP/1.1" 200 2449
"OPTIONS /recruit-system/admin/questionnaire?searchTerm=&page=1 HTTP/1.1" 200 0
"GET /recruit-system/admin/questionnaire?searchTerm=&page=1 HTTP/1.1" 200 383
"OPTIONS /recruit-system/admin/exams?page=1&year= HTTP/1.1" 200 0
"GET /recruit-system/admin/exams?page=1&year= HTTP/1.1" 200 1437
"GET /recruit-system/admin/exams/3 HTTP/1.1" 200 452
"GET /recruit-system/admin/questionnaire HTTP/1.1" 200 383
"GET /recruit-system/admin/exam/3/count-students HTTP/1.1" 200 117
"GET /recruit-system/admin/exams/3 HTTP/1.1" 200 452
/home/asifnp/Documents/phase-2/recruit-system/server/server/settings.py changed, reloading.
Watching for file changes with StatReloader
/home/asifnp/Documents/phase-2/recruit-system/server/server/settings.py changed, reloading.
Watching for file changes with StatReloader
/home/asifnp/Documents/phase-2/recruit-system/server/server/settings.py changed, reloading.
Watching for file changes with StatReloader
/home/asifnp/Documents/phase-2/recruit-system/server/server/settings.py changed, reloading.
Watching for file changes with StatReloader
/home/asifnp/Documents/phase-2/recruit-system/server/server/settings.py changed, reloading.
Watching for file changes with StatReloader
/home/asifnp/Documents/phase-2/recruit-system/server/server/settings.py changed, reloading.
Watching for file changes with StatReloader
"OPTIONS /recruit-system/student/verification HTTP/1.1" 200 0
Bad Request: /recruit-system/student/verification
"POST /recruit-system/student/verification HTTP/1.1" 400 66
"GET /recruit-system/student/dropdown-list/institution HTTP/1.1" 200 340
"OPTIONS /recruit-system/student/self-registration HTTP/1.1" 200 0
"POST /recruit-system/student/self-registration HTTP/1.1" 200 219
"POST /recruit-system/student/verification HTTP/1.1" 200 167
"GET /recruit-system/student/exam-management/question-paper?token=eyJhbGciOiJIUzI1NiIsInR5cCI6IkpXVCJ9.eyJzdHVkZW50X2lkIjoxNTksImJhdGNoX2lkIjozLCJiYXRjaF91dWlkIjoiSU5WLTEwNDkifQ.ap_Jp6o2rQT8drEsUl-3foTS-o77W7a7nIsGrP_1v_8 HTTP/1.1" 200 1596
"GET /question-image/Innovature_Wallpaper_BGm2a05.png HTTP/1.1" 304 0
"OPTIONS /recruit-system/student/valuation?token=eyJhbGciOiJIUzI1NiIsInR5cCI6IkpXVCJ9.eyJzdHVkZW50X2lkIjoxNTksImJhdGNoX2lkIjozLCJiYXRjaF91dWlkIjoiSU5WLTEwNDkifQ.ap_Jp6o2rQT8drEsUl-3foTS-o77W7a7nIsGrP_1v_8 HTTP/1.1" 200 0
"POST /recruit-system/student/valuation?token=eyJhbGciOiJIUzI1NiIsInR5cCI6IkpXVCJ9.eyJzdHVkZW50X2lkIjoxNTksImJhdGNoX2lkIjozLCJiYXRjaF91dWlkIjoiSU5WLTEwNDkifQ.ap_Jp6o2rQT8drEsUl-3foTS-o77W7a7nIsGrP_1v_8 HTTP/1.1" 200 46
"OPTIONS /recruit-system/student/feedbacks?token=eyJhbGciOiJIUzI1NiIsInR5cCI6IkpXVCJ9.eyJzdHVkZW50X2lkIjoxNTksImJhdGNoX2lkIjozLCJiYXRjaF91dWlkIjoiSU5WLTEwNDkifQ.ap_Jp6o2rQT8drEsUl-3foTS-o77W7a7nIsGrP_1v_8 HTTP/1.1" 200 0
"POST /recruit-system/student/feedbacks?token=eyJhbGciOiJIUzI1NiIsInR5cCI6IkpXVCJ9.eyJzdHVkZW50X2lkIjoxNTksImJhdGNoX2lkIjozLCJiYXRjaF91dWlkIjoiSU5WLTEwNDkifQ.ap_Jp6o2rQT8drEsUl-3foTS-o77W7a7nIsGrP_1v_8 HTTP/1.1" 200 161
/home/asifnp/Documents/phase-2/recruit-system/server/server/settings.py changed, reloading.
Watching for file changes with StatReloader
/home/asifnp/Documents/phase-2/recruit-system/server/server/settings.py changed, reloading.
